
Efinity Interface Designer Timing Report
Version: 2023.1.150.4.10
Date: 2023-10-17 10:44

Copyright (C) 2017 - 2023 Efinix Inc. All rights reserved.

Device: T35F324
Project: OscilloscopeInterfaceTest
Timing Model: C4 (final)

---------- 1. PLL Timing Report (begin) ----------

+------------+-------------+-----------------------+
|   Clock    | Period (ns) | Phase Shift (degrees) |
+------------+-------------+-----------------------+
|  Ddr_Clk   |    2.5063   |           0           |
| frame_pclk |   15.0376   |           0           |
|  adc_clk   |    7.5188   |           0           |
|  Axi_Clk   |   10.4167   |           0           |
| tx_slowclk |   20.8333   |           0           |
| tx_fastclk |    5.9524   |           90          |
|   DCO_P    |   15.0376   |           0           |
|   DCO_N    |   15.0376   |           0           |
+------------+-------------+-----------------------+

---------- PLL Timing Report (end) ----------

---------- 2. GPIO Timing Report (begin) ----------

Non-registered GPIO Configuration:
===================================

+---------------+-----------+-----------+----------+----------+
| Instance Name |  Pin Name | Parameter | Max (ns) | Min (ns) |
+---------------+-----------+-----------+----------+----------+
|   clk_12M_i   | clk_12M_i |  GPIO_IN  |  1.589   |  0.794   |
|   clk_24M_i   | clk_24M_i |  GPIO_IN  |  1.589   |  0.794   |
|  gpio_inst34_ | ADC_CLK_N |  GPIO_IN  |  1.476   |  0.738   |
|     key[0]    |   key[0]  |  GPIO_IN  |  1.636   |  0.818   |
|     key[1]    |   key[1]  |  GPIO_IN  |  1.716   |  0.858   |
|     LED[0]    |   LED[0]  |  GPIO_OUT |  3.829   |  1.915   |
|     LED[1]    |   LED[1]  |  GPIO_OUT |  3.829   |  1.915   |
|     LED[2]    |   LED[2]  |  GPIO_OUT |  3.829   |  1.915   |
|     LED[3]    |   LED[3]  |  GPIO_OUT |  3.829   |  1.915   |
|     LED[4]    |   LED[4]  |  GPIO_OUT |  3.829   |  1.915   |
|     LED[5]    |   LED[5]  |  GPIO_OUT |  3.829   |  1.915   |
|     LED[6]    |   LED[6]  |  GPIO_OUT |  3.829   |  1.915   |
|     LED[7]    |   LED[7]  |  GPIO_OUT |  3.829   |  1.915   |
+---------------+-----------+-----------+----------+----------+

---------- GPIO Timing Report (end) ----------

---------- 3. LVDS Rx Timing Report (begin) ----------

Clock Network Delay:
=====================

+-----------+----------+----------+
| Clock Pin | Max (ns) | Min (ns) |
+-----------+----------+----------+
|   DCO_N   |  4.310   |  2.155   |
|   DCO_P   |  4.310   |  2.155   |
|  adc_clk  |  4.310   |  2.155   |
+-----------+----------+----------+

Clkout GPIO Configuration:
===========================

+---------------+-----------+--------------+----------+----------+
| Instance Name | Clock Pin |  Parameter   | Max (ns) | Min (ns) |
+---------------+-----------+--------------+----------+----------+
|  gpio_inst32  |  adc_clk  | GPIO_CLK_OUT |  6.714   |  3.357   |
+---------------+-----------+--------------+----------+----------+

Non-registered LVDS GPIO Configuration:
========================================

+---------------+-----------+-----------+----------+----------+
| Instance Name |  Pin Name | Parameter | Max (ns) | Min (ns) |
+---------------+-----------+-----------+----------+----------+
|  gpio_inst34  | ADC_CLK_P |  GPIO_IN  |  1.714   |  0.857   |
|    lcd_pwm    |  lcd_pwm  |  GPIO_OUT |  3.542   |  1.771   |
+---------------+-----------+-----------+----------+----------+

Registered LVDS GPIO Configuration:
====================================

+---------------+-----------+----------------+----------------+---------------+---------------+-----------------------+-----------------------+
| Instance Name | Clock Pin | Max Setup (ns) | Min Setup (ns) | Max Hold (ns) | Min Hold (ns) | Max Clock To Out (ns) | Min Clock To Out (ns) |
+---------------+-----------+----------------+----------------+---------------+---------------+-----------------------+-----------------------+
|     DBA[0]    |   DCO_N   |     -3.073     |     -1.536     |     3.210     |     1.605     |                       |                       |
|     DBA[1]    |   DCO_N   |     -3.073     |     -1.536     |     3.210     |     1.605     |                       |                       |
|     DBA[2]    |   DCO_N   |     -3.073     |     -1.536     |     3.210     |     1.605     |                       |                       |
|     DBA[3]    |   DCO_N   |     -3.073     |     -1.536     |     3.210     |     1.605     |                       |                       |
|     DBA[4]    |   DCO_N   |     -3.073     |     -1.536     |     3.210     |     1.605     |                       |                       |
|     DBA[5]    |   DCO_N   |     -3.073     |     -1.536     |     3.210     |     1.605     |                       |                       |
|     DBA[6]    |   DCO_N   |     -3.073     |     -1.536     |     3.210     |     1.605     |                       |                       |
|     DBA[7]    |   DCO_N   |     -3.073     |     -1.536     |     3.210     |     1.605     |                       |                       |
|     DBB[0]    |   DCO_P   |     -3.073     |     -1.536     |     3.210     |     1.605     |                       |                       |
|     DBB[1]    |   DCO_P   |     -3.073     |     -1.536     |     3.210     |     1.605     |                       |                       |
|     DBB[2]    |   DCO_P   |     -3.073     |     -1.536     |     3.210     |     1.605     |                       |                       |
|     DBB[3]    |   DCO_P   |     -3.073     |     -1.536     |     3.210     |     1.605     |                       |                       |
|     DBB[4]    |   DCO_P   |     -3.073     |     -1.536     |     3.210     |     1.605     |                       |                       |
|     DBB[5]    |   DCO_P   |     -3.073     |     -1.536     |     3.210     |     1.605     |                       |                       |
|     DBB[6]    |   DCO_P   |     -3.073     |     -1.536     |     3.210     |     1.605     |                       |                       |
|     DBB[7]    |   DCO_P   |     -3.073     |     -1.536     |     3.210     |     1.605     |                       |                       |
|  gpio_inst30  |  adc_clk  |                |                |               |               |         6.918         |         3.459         |
|  gpio_inst31  |  adc_clk  |                |                |               |               |         6.918         |         3.459         |
+---------------+-----------+----------------+----------------+---------------+---------------+-----------------------+-----------------------+

---------- LVDS Rx Timing Report (end) ----------

---------- 4. LVDS Tx Timing Report (begin) ----------

---------- LVDS Tx Timing Report (end) ----------
